C:\Users\superman\Desktop\SpaceInvaders\SpaceInvaders\implementation\system.ngc 1478216695
C:/Users/superman/Desktop/SpaceInvaders/SpaceInvaders/implementation/push_buttons_5bits_wrapper.ngc 1478216637
C:/Users/superman/Desktop/SpaceInvaders/SpaceInvaders/implementation/dip_switches_8bits_wrapper.ngc 1478216655
C:/Users/superman/Desktop/SpaceInvaders/SpaceInvaders/implementation/rs232_uart_1_wrapper.ngc 1478216628
C:/Users/superman/Desktop/SpaceInvaders/SpaceInvaders/implementation/proc_sys_reset_0_wrapper.ngc 1478216518
C:/Users/superman/Desktop/SpaceInvaders/SpaceInvaders/implementation/clock_generator_0_wrapper.ngc 1478216680
C:/Users/superman/Desktop/SpaceInvaders/SpaceInvaders/implementation/microblaze_0_ilmb_wrapper.ngc 1478216671
C:/Users/superman/Desktop/SpaceInvaders/SpaceInvaders/implementation/microblaze_0_dlmb_wrapper.ngc 1478216674
C:/Users/superman/Desktop/SpaceInvaders/SpaceInvaders/implementation/axi4lite_0_wrapper.ngc 1478216683
C:/Users/superman/Desktop/SpaceInvaders/SpaceInvaders/implementation/microblaze_0_wrapper.ngc 1478216677
C:/Users/superman/Desktop/SpaceInvaders/SpaceInvaders/implementation/microblaze_0_intc_wrapper.ngc 1478216527
C:/Users/superman/Desktop/SpaceInvaders/SpaceInvaders/implementation/microblaze_0_i_bram_ctrl_wrapper.ngc 1478216536
C:/Users/superman/Desktop/SpaceInvaders/SpaceInvaders/implementation/microblaze_0_d_bram_ctrl_wrapper.ngc 1478216545
C:/Users/superman/Desktop/SpaceInvaders/SpaceInvaders/implementation/debug_module_wrapper.ngc 1478216606
C:/Users/superman/Desktop/SpaceInvaders/SpaceInvaders/implementation/leds_8bits_wrapper.ngc 1478216646
C:/Users/superman/Desktop/SpaceInvaders/SpaceInvaders/implementation/fit_timer_0_wrapper.ngc 1478216659
C:/Users/superman/Desktop/SpaceInvaders/SpaceInvaders/implementation/pit_0_wrapper.ngc 1478216667
C:/Users/superman/Desktop/SpaceInvaders/SpaceInvaders/implementation/microblaze_0_bram_block_wrapper.ngc 1478216550
OK
