C:\Users\superman\Desktop\cramshall\SpaceInvaders\SpaceInvaders\implementation\system.ngc 1478300751
C:/Users/superman/Desktop/cramshall/SpaceInvaders/SpaceInvaders/implementation/push_buttons_5bits_wrapper.ngc 1478300721
C:/Users/superman/Desktop/cramshall/SpaceInvaders/SpaceInvaders/implementation/dip_switches_8bits_wrapper.ngc 1478300721
C:/Users/superman/Desktop/cramshall/SpaceInvaders/SpaceInvaders/implementation/rs232_uart_1_wrapper.ngc 1478300721
C:/Users/superman/Desktop/cramshall/SpaceInvaders/SpaceInvaders/implementation/proc_sys_reset_0_wrapper.ngc 1478300721
C:/Users/superman/Desktop/cramshall/SpaceInvaders/SpaceInvaders/implementation/clock_generator_0_wrapper.ngc 1478300740
C:/Users/superman/Desktop/cramshall/SpaceInvaders/SpaceInvaders/implementation/microblaze_0_ilmb_wrapper.ngc 1478300721
C:/Users/superman/Desktop/cramshall/SpaceInvaders/SpaceInvaders/implementation/microblaze_0_dlmb_wrapper.ngc 1478300721
C:/Users/superman/Desktop/cramshall/SpaceInvaders/SpaceInvaders/implementation/axi4lite_0_wrapper.ngc 1478300721
C:/Users/superman/Desktop/cramshall/SpaceInvaders/SpaceInvaders/implementation/microblaze_0_wrapper.ngc 1478300721
C:/Users/superman/Desktop/cramshall/SpaceInvaders/SpaceInvaders/implementation/microblaze_0_intc_wrapper.ngc 1478300721
C:/Users/superman/Desktop/cramshall/SpaceInvaders/SpaceInvaders/implementation/microblaze_0_i_bram_ctrl_wrapper.ngc 1478300721
C:/Users/superman/Desktop/cramshall/SpaceInvaders/SpaceInvaders/implementation/microblaze_0_d_bram_ctrl_wrapper.ngc 1478300721
C:/Users/superman/Desktop/cramshall/SpaceInvaders/SpaceInvaders/implementation/debug_module_wrapper.ngc 1478300721
C:/Users/superman/Desktop/cramshall/SpaceInvaders/SpaceInvaders/implementation/leds_8bits_wrapper.ngc 1478300721
C:/Users/superman/Desktop/cramshall/SpaceInvaders/SpaceInvaders/implementation/fit_timer_0_wrapper.ngc 1478300721
C:/Users/superman/Desktop/cramshall/SpaceInvaders/SpaceInvaders/implementation/pit_0_wrapper.ngc 1478300736
C:/Users/superman/Desktop/cramshall/SpaceInvaders/SpaceInvaders/implementation/microblaze_0_bram_block_wrapper.ngc 1478300721
OK
